Archive member included to satisfy reference by file (symbol)

D:/STM32Cube/STM32CubeCLT_1.16.0/GNU-tools-for-STM32/bin/../lib/gcc/arm-none-eabi/12.3.1/thumb/v7e-m/nofp\libgcc.a(_aeabi_uldivmod.o)
                              CMakeFiles/IMU_SPI_.elf.dir/Drivers/STM32F4xx_HAL_Driver/Src/stm32f4xx_hal_rcc.c.obj (__aeabi_uldivmod)
D:/STM32Cube/STM32CubeCLT_1.16.0/GNU-tools-for-STM32/bin/../lib/gcc/arm-none-eabi/12.3.1/thumb/v7e-m/nofp\libgcc.a(_udivmoddi4.o)
                              D:/STM32Cube/STM32CubeCLT_1.16.0/GNU-tools-for-STM32/bin/../lib/gcc/arm-none-eabi/12.3.1/thumb/v7e-m/nofp\libgcc.a(_aeabi_uldivmod.o) (__udivmoddi4)
D:/STM32Cube/STM32CubeCLT_1.16.0/GNU-tools-for-STM32/bin/../lib/gcc/arm-none-eabi/12.3.1/thumb/v7e-m/nofp\libgcc.a(_dvmd_tls.o)
                              D:/STM32Cube/STM32CubeCLT_1.16.0/GNU-tools-for-STM32/bin/../lib/gcc/arm-none-eabi/12.3.1/thumb/v7e-m/nofp\libgcc.a(_aeabi_uldivmod.o) (__aeabi_ldiv0)
D:/STM32Cube/STM32CubeCLT_1.16.0/GNU-tools-for-STM32/bin/../lib/gcc/arm-none-eabi/12.3.1/../../../../arm-none-eabi/lib/thumb/v7e-m/nofp\libg.a(libc_a-exit.o)
                              D:/STM32Cube/STM32CubeCLT_1.16.0/GNU-tools-for-STM32/bin/../lib/gcc/arm-none-eabi/12.3.1/../../../../arm-none-eabi/lib/thumb/v7e-m/nofp/crt0.o (exit)
D:/STM32Cube/STM32CubeCLT_1.16.0/GNU-tools-for-STM32/bin/../lib/gcc/arm-none-eabi/12.3.1/../../../../arm-none-eabi/lib/thumb/v7e-m/nofp\libg.a(libc_a-findfp.o)
                              D:/STM32Cube/STM32CubeCLT_1.16.0/GNU-tools-for-STM32/bin/../lib/gcc/arm-none-eabi/12.3.1/../../../../arm-none-eabi/lib/thumb/v7e-m/nofp\libg.a(libc_a-exit.o) (__stdio_exit_handler)
D:/STM32Cube/STM32CubeCLT_1.16.0/GNU-tools-for-STM32/bin/../lib/gcc/arm-none-eabi/12.3.1/../../../../arm-none-eabi/lib/thumb/v7e-m/nofp\libg.a(libc_a-fwalk.o)
                              D:/STM32Cube/STM32CubeCLT_1.16.0/GNU-tools-for-STM32/bin/../lib/gcc/arm-none-eabi/12.3.1/../../../../arm-none-eabi/lib/thumb/v7e-m/nofp\libg.a(libc_a-findfp.o) (_fwalk_sglue)
D:/STM32Cube/STM32CubeCLT_1.16.0/GNU-tools-for-STM32/bin/../lib/gcc/arm-none-eabi/12.3.1/../../../../arm-none-eabi/lib/thumb/v7e-m/nofp\libg.a(libc_a-stdio.o)
                              D:/STM32Cube/STM32CubeCLT_1.16.0/GNU-tools-for-STM32/bin/../lib/gcc/arm-none-eabi/12.3.1/../../../../arm-none-eabi/lib/thumb/v7e-m/nofp\libg.a(libc_a-findfp.o) (__sread)
D:/STM32Cube/STM32CubeCLT_1.16.0/GNU-tools-for-STM32/bin/../lib/gcc/arm-none-eabi/12.3.1/../../../../arm-none-eabi/lib/thumb/v7e-m/nofp\libg.a(libc_a-memset.o)
                              D:/STM32Cube/STM32CubeCLT_1.16.0/GNU-tools-for-STM32/bin/../lib/gcc/arm-none-eabi/12.3.1/../../../../arm-none-eabi/lib/thumb/v7e-m/nofp/crt0.o (memset)
D:/STM32Cube/STM32CubeCLT_1.16.0/GNU-tools-for-STM32/bin/../lib/gcc/arm-none-eabi/12.3.1/../../../../arm-none-eabi/lib/thumb/v7e-m/nofp\libg.a(libc_a-closer.o)
                              D:/STM32Cube/STM32CubeCLT_1.16.0/GNU-tools-for-STM32/bin/../lib/gcc/arm-none-eabi/12.3.1/../../../../arm-none-eabi/lib/thumb/v7e-m/nofp\libg.a(libc_a-stdio.o) (_close_r)
D:/STM32Cube/STM32CubeCLT_1.16.0/GNU-tools-for-STM32/bin/../lib/gcc/arm-none-eabi/12.3.1/../../../../arm-none-eabi/lib/thumb/v7e-m/nofp\libg.a(libc_a-reent.o)
                              D:/STM32Cube/STM32CubeCLT_1.16.0/GNU-tools-for-STM32/bin/../lib/gcc/arm-none-eabi/12.3.1/../../../../arm-none-eabi/lib/thumb/v7e-m/nofp\libg.a(libc_a-closer.o) (errno)
D:/STM32Cube/STM32CubeCLT_1.16.0/GNU-tools-for-STM32/bin/../lib/gcc/arm-none-eabi/12.3.1/../../../../arm-none-eabi/lib/thumb/v7e-m/nofp\libg.a(libc_a-impure.o)
                              D:/STM32Cube/STM32CubeCLT_1.16.0/GNU-tools-for-STM32/bin/../lib/gcc/arm-none-eabi/12.3.1/../../../../arm-none-eabi/lib/thumb/v7e-m/nofp\libg.a(libc_a-reent.o) (_impure_ptr)
D:/STM32Cube/STM32CubeCLT_1.16.0/GNU-tools-for-STM32/bin/../lib/gcc/arm-none-eabi/12.3.1/../../../../arm-none-eabi/lib/thumb/v7e-m/nofp\libg.a(libc_a-lseekr.o)
                              D:/STM32Cube/STM32CubeCLT_1.16.0/GNU-tools-for-STM32/bin/../lib/gcc/arm-none-eabi/12.3.1/../../../../arm-none-eabi/lib/thumb/v7e-m/nofp\libg.a(libc_a-stdio.o) (_lseek_r)
D:/STM32Cube/STM32CubeCLT_1.16.0/GNU-tools-for-STM32/bin/../lib/gcc/arm-none-eabi/12.3.1/../../../../arm-none-eabi/lib/thumb/v7e-m/nofp\libg.a(libc_a-readr.o)
                              D:/STM32Cube/STM32CubeCLT_1.16.0/GNU-tools-for-STM32/bin/../lib/gcc/arm-none-eabi/12.3.1/../../../../arm-none-eabi/lib/thumb/v7e-m/nofp\libg.a(libc_a-stdio.o) (_read_r)
D:/STM32Cube/STM32CubeCLT_1.16.0/GNU-tools-for-STM32/bin/../lib/gcc/arm-none-eabi/12.3.1/../../../../arm-none-eabi/lib/thumb/v7e-m/nofp\libg.a(libc_a-writer.o)
                              D:/STM32Cube/STM32CubeCLT_1.16.0/GNU-tools-for-STM32/bin/../lib/gcc/arm-none-eabi/12.3.1/../../../../arm-none-eabi/lib/thumb/v7e-m/nofp\libg.a(libc_a-stdio.o) (_write_r)
[...]
Memory Configuration

Name             Origin             Length             Attributes
CCMRAM           0x10000000         0x00010000         xrw
RAM              0x20000000         0x00020000         xrw
FLASH            0x08000000         0x00100000         xr
*default*        0x00000000         0xffffffff

Linker script and memory map

LOAD D:/STM32Cube/STM32CubeCLT_1.16.0/GNU-tools-for-STM32/bin/../lib/gcc/arm-none-eabi/12.3.1/thumb/v7e-m/nofp/crti.o
LOAD D:/STM32Cube/STM32CubeCLT_1.16.0/GNU-tools-for-STM32/bin/../lib/gcc/arm-none-eabi/12.3.1/thumb/v7e-m/nofp/crtbegin.o
LOAD D:/STM32Cube/STM32CubeCLT_1.16.0/GNU-tools-for-STM32/bin/../lib/gcc/arm-none-eabi/12.3.1/../../../../arm-none-eabi/lib/thumb/v7e-m/nofp/crt0.o
LOAD CMakeFiles/IMU_SPI_.elf.dir/Core/Src/gpio.c.obj
LOAD CMakeFiles/IMU_SPI_.elf.dir/Core/Src/main.c.obj
LOAD CMakeFiles/IMU_SPI_.elf.dir/Core/Src/spi.c.obj
LOAD CMakeFiles/IMU_SPI_.elf.dir/Core/Src/stm32f4xx_hal_msp.c.obj
LOAD CMakeFiles/IMU_SPI_.elf.dir/Core/Src/stm32f4xx_it.c.obj
LOAD CMakeFiles/IMU_SPI_.elf.dir/Core/Src/syscalls.c.obj
LOAD CMakeFiles/IMU_SPI_.elf.dir/Core/Src/sysmem.c.obj
LOAD CMakeFiles/IMU_SPI_.elf.dir/Core/Src/system_stm32f4xx.c.obj
LOAD CMakeFiles/IMU_SPI_.elf.dir/Core/Startup/startup_stm32f407ighx.s.obj
LOAD CMakeFiles/IMU_SPI_.elf.dir/Drivers/STM32F4xx_HAL_Driver/Src/stm32f4xx_hal.c.obj
LOAD CMakeFiles/IMU_SPI_.elf.dir/Drivers/STM32F4xx_HAL_Driver/Src/stm32f4xx_hal_cortex.c.obj
LOAD CMakeFiles/IMU_SPI_.elf.dir/Drivers/STM32F4xx_HAL_Driver/Src/stm32f4xx_hal_dma.c.obj
LOAD CMakeFiles/IMU_SPI_.elf.dir/Drivers/STM32F4xx_HAL_Driver/Src/stm32f4xx_hal_dma_ex.c.obj
LOAD CMakeFiles/IMU_SPI_.elf.dir/Drivers/STM32F4xx_HAL_Driver/Src/stm32f4xx_hal_exti.c.obj
LOAD CMakeFiles/IMU_SPI_.elf.dir/Drivers/STM32F4xx_HAL_Driver/Src/stm32f4xx_hal_flash.c.obj
LOAD CMakeFiles/IMU_SPI_.elf.dir/Drivers/STM32F4xx_HAL_Driver/Src/stm32f4xx_hal_flash_ex.c.obj
LOAD CMakeFiles/IMU_SPI_.elf.dir/Drivers/STM32F4xx_HAL_Driver/Src/stm32f4xx_hal_flash_ramfunc.c.obj
LOAD CMakeFiles/IMU_SPI_.elf.dir/Drivers/STM32F4xx_HAL_Driver/Src/stm32f4xx_hal_gpio.c.obj
LOAD CMakeFiles/IMU_SPI_.elf.dir/Drivers/STM32F4xx_HAL_Driver/Src/stm32f4xx_hal_pwr.c.obj
LOAD CMakeFiles/IMU_SPI_.elf.dir/Drivers/STM32F4xx_HAL_Driver/Src/stm32f4xx_hal_pwr_ex.c.obj
LOAD CMakeFiles/IMU_SPI_.elf.dir/Drivers/STM32F4xx_HAL_Driver/Src/stm32f4xx_hal_rcc.c.obj
LOAD CMakeFiles/IMU_SPI_.elf.dir/Drivers/STM32F4xx_HAL_Driver/Src/stm32f4xx_hal_rcc_ex.c.obj
LOAD CMakeFiles/IMU_SPI_.elf.dir/Drivers/STM32F4xx_HAL_Driver/Src/stm32f4xx_hal_spi.c.obj
LOAD CMakeFiles/IMU_SPI_.elf.dir/Drivers/STM32F4xx_HAL_Driver/Src/stm32f4xx_hal_tim.c.obj
LOAD CMakeFiles/IMU_SPI_.elf.dir/Drivers/STM32F4xx_HAL_Driver/Src/stm32f4xx_hal_tim_ex.c.obj
START GROUP
LOAD D:/STM32Cube/STM32CubeCLT_1.16.0/GNU-tools-for-STM32/bin/../lib/gcc/arm-none-eabi/12.3.1/thumb/v7e-m/nofp\libgcc.a
LOAD D:/STM32Cube/STM32CubeCLT_1.16.0/GNU-tools-for-STM32/bin/../lib/gcc/arm-none-eabi/12.3.1/../../../../arm-none-eabi/lib/thumb/v7e-m/nofp\libg.a
LOAD D:/STM32Cube/STM32CubeCLT_1.16.0/GNU-tools-for-STM32/bin/../lib/gcc/arm-none-eabi/12.3.1/../../../../arm-none-eabi/lib/thumb/v7e-m/nofp\libc.a
END GROUP
LOAD D:/STM32Cube/STM32CubeCLT_1.16.0/GNU-tools-for-STM32/bin/../lib/gcc/arm-none-eabi/12.3.1/thumb/v7e-m/nofp/crtend.o
LOAD D:/STM32Cube/STM32CubeCLT_1.16.0/GNU-tools-for-STM32/bin/../lib/gcc/arm-none-eabi/12.3.1/thumb/v7e-m/nofp/crtn.o
                0x20020000                        _estack = (ORIGIN (RAM) + LENGTH (RAM))
                0x00000200                        _Min_Heap_Size = 0x200
                0x00000400                        _Min_Stack_Size = 0x400

.isr_vector     0x08000000      0x188
                0x08000000                        . = ALIGN (0x4)
 *(.isr_vector)
 .isr_vector    0x08000000      0x188 CMakeFiles/IMU_SPI_.elf.dir/Core/Startup/startup_stm32f407ighx.s.obj
                0x08000000                g_pfnVectors
                0x08000188                        . = ALIGN (0x4)

.text           0x08000188     0x1188
                0x08000188                        . = ALIGN (0x4)
 *(.text)
 .text          0x08000188       0x40 D:/STM32Cube/STM32CubeCLT_1.16.0/GNU-tools-for-STM32/bin/../lib/gcc/arm-none-eabi/12.3.1/thumb/v7e-m/nofp/crtbegin.o
 .text          0x080001c8       0x30 D:/STM32Cube/STM32CubeCLT_1.16.0/GNU-tools-for-STM32/bin/../lib/gcc/arm-none-eabi/12.3.1/thumb/v7e-m/nofp\libgcc.a(_aeabi_uldivmod.o)
                0x080001c8                __aeabi_uldivmod
 .text          0x080001f8      0x2bc D:/STM32Cube/STM32CubeCLT_1.16.0/GNU-tools-for-STM32/bin/../lib/gcc/arm-none-eabi/12.3.1/thumb/v7e-m/nofp\libgcc.a(_udivmoddi4.o)
                0x080001f8                __udivmoddi4
 .text          0x080004b4        0x4 D:/STM32Cube/STM32CubeCLT_1.16.0/GNU-tools-for-STM32/bin/../lib/gcc/arm-none-eabi/12.3.1/thumb/v7e-m/nofp\libgcc.a(_dvmd_tls.o)
                0x080004b4                __aeabi_idiv0
                0x080004b4                __aeabi_ldiv0
 *(.text*)
 .text.MX_GPIO_Init
                0x080004b8       0x9c CMakeFiles/IMU_SPI_.elf.dir/Core/Src/gpio.c.obj
                0x080004b8                MX_GPIO_Init
 .text.Error_Handler
                0x08000554        0x4 CMakeFiles/IMU_SPI_.elf.dir/Core/Src/main.c.obj
                0x08000554                Error_Handler
 .text.SystemClock_Config
                0x08000558       0xa8 CMakeFiles/IMU_SPI_.elf.dir/Core/Src/main.c.obj
                0x08000558                SystemClock_Config
 .text.main     0x08000600       0x14 CMakeFiles/IMU_SPI_.elf.dir/Core/Src/main.c.obj
                0x08000600                main
 .text.MX_SPI1_Init
                0x08000614       0x48 CMakeFiles/IMU_SPI_.elf.dir/Core/Src/spi.c.obj
                0x08000614                MX_SPI1_Init
 .text.HAL_SPI_MspInit
                0x0800065c       0x98 CMakeFiles/IMU_SPI_.elf.dir/Core/Src/spi.c.obj
                0x0800065c                HAL_SPI_MspInit
 .text.HAL_MspInit
                0x080006f4       0x38 CMakeFiles/IMU_SPI_.elf.dir/Core/Src/stm32f4xx_hal_msp.c.obj
                0x080006f4                HAL_MspInit
 .text.NMI_Handler
                0x0800072c        0x2 CMakeFiles/IMU_SPI_.elf.dir/Core/Src/stm32f4xx_it.c.obj
                0x0800072c                NMI_Handler
 .text.HardFault_Handler
                0x0800072e        0x2 CMakeFiles/IMU_SPI_.elf.dir/Core/Src/stm32f4xx_it.c.obj
                0x0800072e                HardFault_Handler
 .text.MemManage_Handler
                0x08000730        0x2 CMakeFiles/IMU_SPI_.elf.dir/Core/Src/stm32f4xx_it.c.obj
                0x08000730                MemManage_Handler
 .text.BusFault_Handler
                0x08000732        0x2 CMakeFiles/IMU_SPI_.elf.dir/Core/Src/stm32f4xx_it.c.obj
                0x08000732                BusFault_Handler
 .text.UsageFault_Handler
                0x08000734        0x2 CMakeFiles/IMU_SPI_.elf.dir/Core/Src/stm32f4xx_it.c.obj
                0x08000734                UsageFault_Handler
 .text.SVC_Handler
                0x08000736        0x2 CMakeFiles/IMU_SPI_.elf.dir/Core/Src/stm32f4xx_it.c.obj
                0x08000736                SVC_Handler
 .text.DebugMon_Handler
                0x08000738        0x2 CMakeFiles/IMU_SPI_.elf.dir/Core/Src/stm32f4xx_it.c.obj
                0x08000738                DebugMon_Handler
 .text.PendSV_Handler
                0x0800073a        0x2 CMakeFiles/IMU_SPI_.elf.dir/Core/Src/stm32f4xx_it.c.obj
                0x0800073a                PendSV_Handler
 .text.SysTick_Handler
                0x0800073c        0x8 CMakeFiles/IMU_SPI_.elf.dir/Core/Src/stm32f4xx_it.c.obj
                0x0800073c                SysTick_Handler
 .text.SystemInit
                0x08000744        0x2 CMakeFiles/IMU_SPI_.elf.dir/Core/Src/system_stm32f4xx.c.obj
                0x08000744                SystemInit
 *fill*         0x08000746        0x2 
 .text.Reset_Handler
                0x08000748       0x50 CMakeFiles/IMU_SPI_.elf.dir/Core/Startup/startup_stm32f407ighx.s.obj
                0x08000748                Reset_Handler
 .text.Default_Handler
                0x08000798        0x2 CMakeFiles/IMU_SPI_.elf.dir/Core/Startup/startup_stm32f407ighx.s.obj
                0x08000798                RTC_Alarm_IRQHandler
                0x08000798                HASH_RNG_IRQHandler
                0x08000798                EXTI2_IRQHandler
                0x08000798                TIM8_CC_IRQHandler
                0x08000798                TIM1_CC_IRQHandler
                0x08000798                DMA2_Stream5_IRQHandler
                0x08000798                DMA1_Stream5_IRQHandler
                0x08000798                PVD_IRQHandler
                0x08000798                SDIO_IRQHandler
                0x08000798                TAMP_STAMP_IRQHandler
                0x08000798                CAN2_RX1_IRQHandler
                0x08000798                EXTI3_IRQHandler
                0x08000798                TIM8_TRG_COM_TIM14_IRQHandler
                0x08000798                TIM1_UP_TIM10_IRQHandler
                0x08000798                TIM8_UP_TIM13_IRQHandler
                0x08000798                I2C3_ER_IRQHandler
                0x08000798                EXTI0_IRQHandler
                0x08000798                I2C2_EV_IRQHandler
                0x08000798                DMA1_Stream2_IRQHandler
                0x08000798                CAN1_RX0_IRQHandler
                0x08000798                FPU_IRQHandler
                0x08000798                OTG_HS_WKUP_IRQHandler
                0x08000798                CAN2_SCE_IRQHandler
                0x08000798                DMA2_Stream2_IRQHandler
                0x08000798                SPI1_IRQHandler
                0x08000798                TIM6_DAC_IRQHandler
                0x08000798                TIM1_BRK_TIM9_IRQHandler
                0x08000798                DCMI_IRQHandler
                0x08000798                CAN2_RX0_IRQHandler
                0x08000798                DMA2_Stream3_IRQHandler
                0x08000798                USART6_IRQHandler
                0x08000798                USART3_IRQHandler
                0x08000798                CAN1_RX1_IRQHandler
                0x08000798                UART5_IRQHandler
                0x08000798                DMA2_Stream0_IRQHandler
                0x08000798                TIM4_IRQHandler
                0x08000798                I2C1_EV_IRQHandler
                0x08000798                DMA1_Stream6_IRQHandler
                0x08000798                DMA1_Stream1_IRQHandler
                0x08000798                UART4_IRQHandler
                0x08000798                TIM3_IRQHandler
                0x08000798                RCC_IRQHandler
                0x08000798                TIM8_BRK_TIM12_IRQHandler
                0x08000798                Default_Handler
                0x08000798                EXTI15_10_IRQHandler
                0x08000798                ADC_IRQHandler
                0x08000798                DMA1_Stream7_IRQHandler
                0x08000798                TIM7_IRQHandler
                0x08000798                CAN2_TX_IRQHandler
                0x08000798                TIM5_IRQHandler
                0x08000798                DMA2_Stream7_IRQHandler
                0x08000798                I2C3_EV_IRQHandler
                0x08000798                EXTI9_5_IRQHandler
                0x08000798                RTC_WKUP_IRQHandler
                0x08000798                ETH_WKUP_IRQHandler
                0x08000798                SPI2_IRQHandler
                0x08000798                OTG_HS_EP1_IN_IRQHandler
                0x08000798                DMA1_Stream0_IRQHandler
                0x08000798                CAN1_TX_IRQHandler
                0x08000798                EXTI4_IRQHandler
                0x08000798                FSMC_IRQHandler
                0x08000798                ETH_IRQHandler
                0x08000798                OTG_HS_EP1_OUT_IRQHandler
                0x08000798                WWDG_IRQHandler
                0x08000798                TIM2_IRQHandler
                0x08000798                OTG_FS_WKUP_IRQHandler
                0x08000798                TIM1_TRG_COM_TIM11_IRQHandler
                0x08000798                OTG_HS_IRQHandler
                0x08000798                EXTI1_IRQHandler
                0x08000798                USART2_IRQHandler
                0x08000798                I2C2_ER_IRQHandler
                0x08000798                DMA2_Stream1_IRQHandler
                0x08000798                CAN1_SCE_IRQHandler
                0x08000798                FLASH_IRQHandler
                0x08000798                DMA2_Stream4_IRQHandler
                0x08000798                USART1_IRQHandler
                0x08000798                OTG_FS_IRQHandler
                0x08000798                SPI3_IRQHandler
                0x08000798                DMA1_Stream4_IRQHandler
                0x08000798                I2C1_ER_IRQHandler
                0x08000798                DMA2_Stream6_IRQHandler
                0x08000798                DMA1_Stream3_IRQHandler
 *fill*         0x0800079a        0x2 
 .text.HAL_InitTick
                0x0800079c       0x4c CMakeFiles/IMU_SPI_.elf.dir/Drivers/STM32F4xx_HAL_Driver/Src/stm32f4xx_hal.c.obj
                0x0800079c                HAL_InitTick
 .text.HAL_Init
                0x080007e8       0x34 CMakeFiles/IMU_SPI_.elf.dir/Drivers/STM32F4xx_HAL_Driver/Src/stm32f4xx_hal.c.obj
                0x080007e8                HAL_Init
 .text.HAL_IncTick
                0x0800081c       0x18 CMakeFiles/IMU_SPI_.elf.dir/Drivers/STM32F4xx_HAL_Driver/Src/stm32f4xx_hal.c.obj
                0x0800081c                HAL_IncTick
 .text.HAL_GetTick
                0x08000834        0xc CMakeFiles/IMU_SPI_.elf.dir/Drivers/STM32F4xx_HAL_Driver/Src/stm32f4xx_hal.c.obj
                0x08000834                HAL_GetTick
 .text.__NVIC_SetPriority
                0x08000840       0x28 CMakeFiles/IMU_SPI_.elf.dir/Drivers/STM32F4xx_HAL_Driver/Src/stm32f4xx_hal_cortex.c.obj
 .text.NVIC_EncodePriority
                0x08000868       0x3e CMakeFiles/IMU_SPI_.elf.dir/Drivers/STM32F4xx_HAL_Driver/Src/stm32f4xx_hal_cortex.c.obj
 *fill*         0x080008a6        0x2 
 .text.HAL_NVIC_SetPriorityGrouping
                0x080008a8       0x24 CMakeFiles/IMU_SPI_.elf.dir/Drivers/STM32F4xx_HAL_Driver/Src/stm32f4xx_hal_cortex.c.obj
                0x080008a8                HAL_NVIC_SetPriorityGrouping
 .text.HAL_NVIC_SetPriority
                0x080008cc       0x20 CMakeFiles/IMU_SPI_.elf.dir/Drivers/STM32F4xx_HAL_Driver/Src/stm32f4xx_hal_cortex.c.obj
                0x080008cc                HAL_NVIC_SetPriority
 .text.HAL_SYSTICK_Config
                0x080008ec       0x28 CMakeFiles/IMU_SPI_.elf.dir/Drivers/STM32F4xx_HAL_Driver/Src/stm32f4xx_hal_cortex.c.obj
                0x080008ec                HAL_SYSTICK_Config
 .text.HAL_GPIO_Init
                0x08000914      0x1f4 CMakeFiles/IMU_SPI_.elf.dir/Drivers/STM32F4xx_HAL_Driver/Src/stm32f4xx_hal_gpio.c.obj
                0x08000914                HAL_GPIO_Init
 .text.HAL_GPIO_WritePin
                0x08000b08        0xc CMakeFiles/IMU_SPI_.elf.dir/Drivers/STM32F4xx_HAL_Driver/Src/stm32f4xx_hal_gpio.c.obj
                0x08000b08                HAL_GPIO_WritePin
 .text.HAL_RCC_OscConfig
                0x08000b14      0x3f8 CMakeFiles/IMU_SPI_.elf.dir/Drivers/STM32F4xx_HAL_Driver/Src/stm32f4xx_hal_rcc.c.obj
                0x08000b14                HAL_RCC_OscConfig
 .text.HAL_RCC_GetSysClockFreq
                0x08000f0c       0xa8 CMakeFiles/IMU_SPI_.elf.dir/Drivers/STM32F4xx_HAL_Driver/Src/stm32f4xx_hal_rcc.c.obj
                0x08000f0c                HAL_RCC_GetSysClockFreq
 .text.HAL_RCC_ClockConfig
                0x08000fb4      0x160 CMakeFiles/IMU_SPI_.elf.dir/Drivers/STM32F4xx_HAL_Driver/Src/stm32f4xx_hal_rcc.c.obj
                0x08000fb4                HAL_RCC_ClockConfig
 .text.HAL_SPI_Init
                0x08001114       0xbe CMakeFiles/IMU_SPI_.elf.dir/Drivers/STM32F4xx_HAL_Driver/Src/stm32f4xx_hal_spi.c.obj
                0x08001114                HAL_SPI_Init
 .text.memset   0x080011d2       0x10 D:/STM32Cube/STM32CubeCLT_1.16.0/GNU-tools-for-STM32/bin/../lib/gcc/arm-none-eabi/12.3.1/../../../../arm-none-eabi/lib/thumb/v7e-m/nofp\libg.a(libc_a-memset.o)
                0x080011d2                memset
 *fill*         0x080011e2        0x2 
 .text.__libc_init_array
                0x080011e4       0x48 D:/STM32Cube/STM32CubeCLT_1.16.0/GNU-tools-for-STM32/bin/../lib/gcc/arm-none-eabi/12.3.1/../../../../arm-none-eabi/lib/thumb/v7e-m/nofp\libg.a(libc_a-init.o)
                0x080011e4                __libc_init_array
 .text.__retarget_lock_acquire_recursive
                0x0800122c        0x2 D:/STM32Cube/STM32CubeCLT_1.16.0/GNU-tools-for-STM32/bin/../lib/gcc/arm-none-eabi/12.3.1/../../../../arm-none-eabi/lib/thumb/v7e-m/nofp\libg.a(libc_a-lock.o)
                0x0800122c                __retarget_lock_acquire_recursive
 .text.__retarget_lock_release_recursive
                0x0800122e        0x2 D:/STM32Cube/STM32CubeCLT_1.16.0/GNU-tools-for-STM32/bin/../lib/gcc/arm-none-eabi/12.3.1/../../../../arm-none-eabi/lib/thumb/v7e-m/nofp\libg.a(libc_a-lock.o)
                0x0800122e                __retarget_lock_release_recursive
 .text.startup.register_fini
                0x08001230       0x14 D:/STM32Cube/STM32CubeCLT_1.16.0/GNU-tools-for-STM32/bin/../lib/gcc/arm-none-eabi/12.3.1/../../../../arm-none-eabi/lib/thumb/v7e-m/nofp\libg.a(libc_a-__call_atexit.o)
 .text.atexit   0x08001244        0xc D:/STM32Cube/STM32CubeCLT_1.16.0/GNU-tools-for-STM32/bin/../lib/gcc/arm-none-eabi/12.3.1/../../../../arm-none-eabi/lib/thumb/v7e-m/nofp\libg.a(libc_a-atexit.o)
                0x08001244                atexit
 .text.__libc_fini_array
                0x08001250       0x28 D:/STM32Cube/STM32CubeCLT_1.16.0/GNU-tools-for-STM32/bin/../lib/gcc/arm-none-eabi/12.3.1/../../../../arm-none-eabi/lib/thumb/v7e-m/nofp\libg.a(libc_a-fini.o)
                0x08001250                __libc_fini_array
 .text.__register_exitproc
                0x08001278       0x80 D:/STM32Cube/STM32CubeCLT_1.16.0/GNU-tools-for-STM32/bin/../lib/gcc/arm-none-eabi/12.3.1/../../../../arm-none-eabi/lib/thumb/v7e-m/nofp\libg.a(libc_a-__atexit.o)
                0x08001278                __register_exitproc
 *(.glue_7)
 .glue_7        0x080012f8        0x0 linker stubs
 *(.glue_7t)
 .glue_7t       0x080012f8        0x0 linker stubs
 *(.eh_frame)
 .eh_frame      0x080012f8        0x0 D:/STM32Cube/STM32CubeCLT_1.16.0/GNU-tools-for-STM32/bin/../lib/gcc/arm-none-eabi/12.3.1/thumb/v7e-m/nofp/crtbegin.o
 *(.init)
 .init          0x080012f8        0x4 D:/STM32Cube/STM32CubeCLT_1.16.0/GNU-tools-for-STM32/bin/../lib/gcc/arm-none-eabi/12.3.1/thumb/v7e-m/nofp/crti.o
                0x080012f8                _init
 .init          0x080012fc        0x8 D:/STM32Cube/STM32CubeCLT_1.16.0/GNU-tools-for-STM32/bin/../lib/gcc/arm-none-eabi/12.3.1/thumb/v7e-m/nofp/crtn.o
 *(.fini)
 .fini          0x08001304        0x4 D:/STM32Cube/STM32CubeCLT_1.16.0/GNU-tools-for-STM32/bin/../lib/gcc/arm-none-eabi/12.3.1/thumb/v7e-m/nofp/crti.o
                0x08001304                _fini
 .fini          0x08001308        0x8 D:/STM32Cube/STM32CubeCLT_1.16.0/GNU-tools-for-STM32/bin/../lib/gcc/arm-none-eabi/12.3.1/thumb/v7e-m/nofp/crtn.o
                0x08001310                        . = ALIGN (0x4)
                0x08001310                        _etext = .

.vfp11_veneer   0x08001310        0x0
 .vfp11_veneer  0x08001310        0x0 linker stubs

.v4_bx          0x08001310        0x0
 .v4_bx         0x08001310        0x0 linker stubs

.iplt           0x08001310        0x0
 .iplt          0x08001310        0x0 D:/STM32Cube/STM32CubeCLT_1.16.0/GNU-tools-for-STM32/bin/../lib/gcc/arm-none-eabi/12.3.1/thumb/v7e-m/nofp/crtbegin.o

.rodata         0x08001310       0x10
                0x08001310                        . = ALIGN (0x4)
 *(.rodata)
 *(.rodata*)
 .rodata.AHBPrescTable
                0x08001310       0x10 CMakeFiles/IMU_SPI_.elf.dir/Core/Src/system_stm32f4xx.c.obj
                0x08001310                AHBPrescTable
                0x08001320                        . = ALIGN (0x4)

.ARM.extab      0x08001320        0x0
                0x08001320                        . = ALIGN (0x4)
 *(.ARM.extab* .gnu.linkonce.armextab.*)
                0x08001320                        . = ALIGN (0x4)

.ARM            0x08001320        0x8
                0x08001320                        . = ALIGN (0x4)
                0x08001320                        __exidx_start = .
 *(.ARM.exidx*)
 .ARM.exidx     0x08001320        0x8 D:/STM32Cube/STM32CubeCLT_1.16.0/GNU-tools-for-STM32/bin/../lib/gcc/arm-none-eabi/12.3.1/thumb/v7e-m/nofp\libgcc.a(_udivmoddi4.o)
                0x08001328                        __exidx_end = .
                0x08001328                        . = ALIGN (0x4)

.preinit_array  0x08001328        0x0
                0x08001328                        . = ALIGN (0x4)
                0x08001328                        PROVIDE (__preinit_array_start = .)
 *(.preinit_array*)
                0x08001328                        PROVIDE (__preinit_array_end = .)
                0x08001328                        . = ALIGN (0x4)

.init_array     0x08001328        0x8
                0x08001328                        . = ALIGN (0x4)
                0x08001328                        PROVIDE (__init_array_start = .)
 *(SORT_BY_NAME(.init_array.*))
 .init_array.00000
                0x08001328        0x4 D:/STM32Cube/STM32CubeCLT_1.16.0/GNU-tools-for-STM32/bin/../lib/gcc/arm-none-eabi/12.3.1/../../../../arm-none-eabi/lib/thumb/v7e-m/nofp\libg.a(libc_a-__call_atexit.o)
 *(.init_array*)
 .init_array    0x0800132c        0x4 D:/STM32Cube/STM32CubeCLT_1.16.0/GNU-tools-for-STM32/bin/../lib/gcc/arm-none-eabi/12.3.1/thumb/v7e-m/nofp/crtbegin.o
                0x08001330                        PROVIDE (__init_array_end = .)
                0x08001330                        . = ALIGN (0x4)

.fini_array     0x08001330        0x4
                0x08001330                        . = ALIGN (0x4)
                0x08001330                        PROVIDE (__fini_array_start = .)
 *(SORT_BY_NAME(.fini_array.*))
 *(.fini_array*)
 .fini_array    0x08001330        0x4 D:/STM32Cube/STM32CubeCLT_1.16.0/GNU-tools-for-STM32/bin/../lib/gcc/arm-none-eabi/12.3.1/thumb/v7e-m/nofp/crtbegin.o
                0x08001334                        PROVIDE (__fini_array_end = .)
                0x08001334                        . = ALIGN (0x4)
                0x08001334                        _sidata = LOADADDR (.data)

.rel.dyn        0x08001334        0x0
 .rel.iplt      0x08001334        0x0 D:/STM32Cube/STM32CubeCLT_1.16.0/GNU-tools-for-STM32/bin/../lib/gcc/arm-none-eabi/12.3.1/thumb/v7e-m/nofp/crtbegin.o

.data           0x20000000       0x10 load address 0x08001334
                0x20000000                        . = ALIGN (0x4)
                0x20000000                        _sdata = .
 *(.data)
 *(.data*)
 .data.SystemCoreClock
                0x20000000        0x4 CMakeFiles/IMU_SPI_.elf.dir/Core/Src/system_stm32f4xx.c.obj
                0x20000000                SystemCoreClock
 .data.uwTickFreq
                0x20000004        0x1 CMakeFiles/IMU_SPI_.elf.dir/Drivers/STM32F4xx_HAL_Driver/Src/stm32f4xx_hal.c.obj
                0x20000004                uwTickFreq
 *fill*         0x20000005        0x3 
 .data.uwTickPrio
                0x20000008        0x4 CMakeFiles/IMU_SPI_.elf.dir/Drivers/STM32F4xx_HAL_Driver/Src/stm32f4xx_hal.c.obj
                0x20000008                uwTickPrio
 .data.__atexit_recursive_mutex
                0x2000000c        0x4 D:/STM32Cube/STM32CubeCLT_1.16.0/GNU-tools-for-STM32/bin/../lib/gcc/arm-none-eabi/12.3.1/../../../../arm-none-eabi/lib/thumb/v7e-m/nofp\libg.a(libc_a-__call_atexit.o)
                0x2000000c                __atexit_recursive_mutex
 *(.RamFunc)
 *(.RamFunc*)
                0x20000010                        . = ALIGN (0x4)
                0x20000010                        _edata = .
                0x08001344                        _siccmram = LOADADDR (.ccmram)

.igot.plt       0x20000010        0x0 load address 0x08001344
 .igot.plt      0x20000010        0x0 D:/STM32Cube/STM32CubeCLT_1.16.0/GNU-tools-for-STM32/bin/../lib/gcc/arm-none-eabi/12.3.1/thumb/v7e-m/nofp/crtbegin.o

.ccmram         0x10000000        0x0 load address 0x08001344
                0x10000000                        . = ALIGN (0x4)
                0x10000000                        _sccmram = .
 *(.ccmram)
 *(.ccmram*)
                0x10000000                        . = ALIGN (0x4)
                0x10000000                        _eccmram = .
                0x10000000                        . = ALIGN (0x4)

.bss            0x20000010      0x210
                0x20000010                        _sbss = .
                0x20000010                        __bss_start__ = _sbss
 *(.bss)
 .bss           0x20000010       0x1c D:/STM32Cube/STM32CubeCLT_1.16.0/GNU-tools-for-STM32/bin/../lib/gcc/arm-none-eabi/12.3.1/thumb/v7e-m/nofp/crtbegin.o
 *(.bss*)
 .bss.hspi1     0x2000002c       0x58 CMakeFiles/IMU_SPI_.elf.dir/Core/Src/spi.c.obj
                0x2000002c                hspi1
 .bss.uwTick    0x20000084        0x4 CMakeFiles/IMU_SPI_.elf.dir/Drivers/STM32F4xx_HAL_Driver/Src/stm32f4xx_hal.c.obj
                0x20000084                uwTick
 .bss.__lock___atexit_recursive_mutex
                0x20000088        0x1 D:/STM32Cube/STM32CubeCLT_1.16.0/GNU-tools-for-STM32/bin/../lib/gcc/arm-none-eabi/12.3.1/../../../../arm-none-eabi/lib/thumb/v7e-m/nofp\libg.a(libc_a-lock.o)
                0x20000088                __lock___atexit_recursive_mutex
 *fill*         0x20000089        0x3 
 .bss.__atexit  0x2000008c        0x4 D:/STM32Cube/STM32CubeCLT_1.16.0/GNU-tools-for-STM32/bin/../lib/gcc/arm-none-eabi/12.3.1/../../../../arm-none-eabi/lib/thumb/v7e-m/nofp\libg.a(libc_a-__call_atexit.o)
                0x2000008c                __atexit
 .bss.__atexit0
                0x20000090      0x190 D:/STM32Cube/STM32CubeCLT_1.16.0/GNU-tools-for-STM32/bin/../lib/gcc/arm-none-eabi/12.3.1/../../../../arm-none-eabi/lib/thumb/v7e-m/nofp\libg.a(libc_a-__atexit.o)
                0x20000090                __atexit0
 *(COMMON)
                0x20000220                        . = ALIGN (0x4)
                0x20000220                        _ebss = .
                0x20000220                        __bss_end__ = _ebss

._user_heap_stack
                0x20000220      0x600
                0x20000220                        . = ALIGN (0x8)
                [!provide]                        PROVIDE (end = .)
                0x20000220                        PROVIDE (_end = .)
                0x20000420                        . = (. + _Min_Heap_Size)
 *fill*         0x20000220      0x200 
                0x20000820                        . = (. + _Min_Stack_Size)
 *fill*         0x20000420      0x400 
                0x20000820                        . = ALIGN (0x8)

/DISCARD/
 libc.a(*)
 libm.a(*)
 libgcc.a(*)

.ARM.attributes
                0x00000000       0x2a
 *(.ARM.attributes)
 .ARM.attributes
                0x00000000       0x1e D:/STM32Cube/STM32CubeCLT_1.16.0/GNU-tools-for-STM32/bin/../lib/gcc/arm-none-eabi/12.3.1/thumb/v7e-m/nofp/crti.o
 .ARM.attributes
                0x0000001e       0x2e D:/STM32Cube/STM32CubeCLT_1.16.0/GNU-tools-for-STM32/bin/../lib/gcc/arm-none-eabi/12.3.1/thumb/v7e-m/nofp/crtbegin.o
 .ARM.attributes
                0x0000004c       0x2e CMakeFiles/IMU_SPI_.elf.dir/Core/Src/gpio.c.obj
 .ARM.attributes
                0x0000007a       0x2e CMakeFiles/IMU_SPI_.elf.dir/Core/Src/main.c.obj
 .ARM.attributes
                0x000000a8       0x2e CMakeFiles/IMU_SPI_.elf.dir/Core/Src/spi.c.obj
 .ARM.attributes
                0x000000d6       0x2e CMakeFiles/IMU_SPI_.elf.dir/Core/Src/stm32f4xx_hal_msp.c.obj
 .ARM.attributes
                0x00000104       0x2e CMakeFiles/IMU_SPI_.elf.dir/Core/Src/stm32f4xx_it.c.obj
 .ARM.attributes
                0x00000132       0x2e CMakeFiles/IMU_SPI_.elf.dir/Core/Src/system_stm32f4xx.c.obj
 .ARM.attributes
                0x00000160       0x21 CMakeFiles/IMU_SPI_.elf.dir/Core/Startup/startup_stm32f407ighx.s.obj
 .ARM.attributes
                0x00000181       0x2e CMakeFiles/IMU_SPI_.elf.dir/Drivers/STM32F4xx_HAL_Driver/Src/stm32f4xx_hal.c.obj
 .ARM.attributes
                0x000001af       0x2e CMakeFiles/IMU_SPI_.elf.dir/Drivers/STM32F4xx_HAL_Driver/Src/stm32f4xx_hal_cortex.c.obj
 .ARM.attributes
                0x000001dd       0x2e CMakeFiles/IMU_SPI_.elf.dir/Drivers/STM32F4xx_HAL_Driver/Src/stm32f4xx_hal_gpio.c.obj
 .ARM.attributes
                0x0000020b       0x2e CMakeFiles/IMU_SPI_.elf.dir/Drivers/STM32F4xx_HAL_Driver/Src/stm32f4xx_hal_rcc.c.obj
 .ARM.attributes
                0x00000239       0x2e CMakeFiles/IMU_SPI_.elf.dir/Drivers/STM32F4xx_HAL_Driver/Src/stm32f4xx_hal_spi.c.obj
 .ARM.attributes
                0x00000267       0x1e D:/STM32Cube/STM32CubeCLT_1.16.0/GNU-tools-for-STM32/bin/../lib/gcc/arm-none-eabi/12.3.1/thumb/v7e-m/nofp\libgcc.a(_aeabi_uldivmod.o)
 .ARM.attributes
                0x00000285       0x2e D:/STM32Cube/STM32CubeCLT_1.16.0/GNU-tools-for-STM32/bin/../lib/gcc/arm-none-eabi/12.3.1/thumb/v7e-m/nofp\libgcc.a(_udivmoddi4.o)
 .ARM.attributes
                0x000002b3       0x1e D:/STM32Cube/STM32CubeCLT_1.16.0/GNU-tools-for-STM32/bin/../lib/gcc/arm-none-eabi/12.3.1/thumb/v7e-m/nofp\libgcc.a(_dvmd_tls.o)
 .ARM.attributes
                0x000002d1       0x2e D:/STM32Cube/STM32CubeCLT_1.16.0/GNU-tools-for-STM32/bin/../lib/gcc/arm-none-eabi/12.3.1/../../../../arm-none-eabi/lib/thumb/v7e-m/nofp\libg.a(libc_a-memset.o)
 .ARM.attributes
                0x000002ff       0x2e D:/STM32Cube/STM32CubeCLT_1.16.0/GNU-tools-for-STM32/bin/../lib/gcc/arm-none-eabi/12.3.1/../../../../arm-none-eabi/lib/thumb/v7e-m/nofp\libg.a(libc_a-init.o)
 .ARM.attributes
                0x0000032d       0x2e D:/STM32Cube/STM32CubeCLT_1.16.0/GNU-tools-for-STM32/bin/../lib/gcc/arm-none-eabi/12.3.1/../../../../arm-none-eabi/lib/thumb/v7e-m/nofp\libg.a(libc_a-lock.o)
 .ARM.attributes
                0x0000035b       0x2e D:/STM32Cube/STM32CubeCLT_1.16.0/GNU-tools-for-STM32/bin/../lib/gcc/arm-none-eabi/12.3.1/../../../../arm-none-eabi/lib/thumb/v7e-m/nofp\libg.a(libc_a-__call_atexit.o)
 .ARM.attributes
                0x00000389       0x2e D:/STM32Cube/STM32CubeCLT_1.16.0/GNU-tools-for-STM32/bin/../lib/gcc/arm-none-eabi/12.3.1/../../../../arm-none-eabi/lib/thumb/v7e-m/nofp\libg.a(libc_a-atexit.o)
 .ARM.attributes
                0x000003b7       0x2e D:/STM32Cube/STM32CubeCLT_1.16.0/GNU-tools-for-STM32/bin/../lib/gcc/arm-none-eabi/12.3.1/../../../../arm-none-eabi/lib/thumb/v7e-m/nofp\libg.a(libc_a-fini.o)
 .ARM.attributes
                0x000003e5       0x2e D:/STM32Cube/STM32CubeCLT_1.16.0/GNU-tools-for-STM32/bin/../lib/gcc/arm-none-eabi/12.3.1/../../../../arm-none-eabi/lib/thumb/v7e-m/nofp\libg.a(libc_a-__atexit.o)
 .ARM.attributes
                0x00000413       0x1e D:/STM32Cube/STM32CubeCLT_1.16.0/GNU-tools-for-STM32/bin/../lib/gcc/arm-none-eabi/12.3.1/thumb/v7e-m/nofp/crtn.o
OUTPUT(IMU_SPI_.elf elf32-littlearm)
LOAD linker stubs
LOAD D:/STM32Cube/STM32CubeCLT_1.16.0/GNU-tools-for-STM32/bin/../lib/gcc/arm-none-eabi/12.3.1/../../../../arm-none-eabi/lib/thumb/v7e-m/nofp\libc.a
LOAD D:/STM32Cube/STM32CubeCLT_1.16.0/GNU-tools-for-STM32/bin/../lib/gcc/arm-none-eabi/12.3.1/../../../../arm-none-eabi/lib/thumb/v7e-m/nofp\libm.a
LOAD D:/STM32Cube/STM32CubeCLT_1.16.0/GNU-tools-for-STM32/bin/../lib/gcc/arm-none-eabi/12.3.1/thumb/v7e-m/nofp\libgcc.a

.debug_info     0x00000000     0x6d75
 .debug_info    0x00000000      0x45b CMakeFiles/IMU_SPI_.elf.dir/Core/Src/gpio.c.obj
 .debug_info    0x0000045b      0x546 CMakeFiles/IMU_SPI_.elf.dir/Core/Src/main.c.obj
 .debug_info    0x000009a1      0x9ff CMakeFiles/IMU_SPI_.elf.dir/Core/Src/spi.c.obj
 .debug_info    0x000013a0      0x265 CMakeFiles/IMU_SPI_.elf.dir/Core/Src/stm32f4xx_hal_msp.c.obj
 .debug_info    0x00001605      0x11c CMakeFiles/IMU_SPI_.elf.dir/Core/Src/stm32f4xx_it.c.obj
 .debug_info    0x00001721      0x334 CMakeFiles/IMU_SPI_.elf.dir/Core/Src/system_stm32f4xx.c.obj
 .debug_info    0x00001a55       0x30 CMakeFiles/IMU_SPI_.elf.dir/Core/Startup/startup_stm32f407ighx.s.obj
 .debug_info    0x00001a85      0x9e2 CMakeFiles/IMU_SPI_.elf.dir/Drivers/STM32F4xx_HAL_Driver/Src/stm32f4xx_hal.c.obj
 .debug_info    0x00002467      0xfbb CMakeFiles/IMU_SPI_.elf.dir/Drivers/STM32F4xx_HAL_Driver/Src/stm32f4xx_hal_cortex.c.obj
 .debug_info    0x00003422      0x704 CMakeFiles/IMU_SPI_.elf.dir/Drivers/STM32F4xx_HAL_Driver/Src/stm32f4xx_hal_gpio.c.obj
 .debug_info    0x00003b26      0xa6d CMakeFiles/IMU_SPI_.elf.dir/Drivers/STM32F4xx_HAL_Driver/Src/stm32f4xx_hal_rcc.c.obj
 .debug_info    0x00004593     0x1ca2 CMakeFiles/IMU_SPI_.elf.dir/Drivers/STM32F4xx_HAL_Driver/Src/stm32f4xx_hal_spi.c.obj
 .debug_info    0x00006235       0xe0 D:/STM32Cube/STM32CubeCLT_1.16.0/GNU-tools-for-STM32/bin/../lib/gcc/arm-none-eabi/12.3.1/../../../../arm-none-eabi/lib/thumb/v7e-m/nofp\libg.a(libc_a-memset.o)
 .debug_info    0x00006315      0x10b D:/STM32Cube/STM32CubeCLT_1.16.0/GNU-tools-for-STM32/bin/../lib/gcc/arm-none-eabi/12.3.1/../../../../arm-none-eabi/lib/thumb/v7e-m/nofp\libg.a(libc_a-init.o)
 .debug_info    0x00006420      0x20a D:/STM32Cube/STM32CubeCLT_1.16.0/GNU-tools-for-STM32/bin/../lib/gcc/arm-none-eabi/12.3.1/../../../../arm-none-eabi/lib/thumb/v7e-m/nofp\libg.a(libc_a-lock.o)
 .debug_info    0x0000662a      0x2dd D:/STM32Cube/STM32CubeCLT_1.16.0/GNU-tools-for-STM32/bin/../lib/gcc/arm-none-eabi/12.3.1/../../../../arm-none-eabi/lib/thumb/v7e-m/nofp\libg.a(libc_a-__call_atexit.o)
 .debug_info    0x00006907      0x118 D:/STM32Cube/STM32CubeCLT_1.16.0/GNU-tools-for-STM32/bin/../lib/gcc/arm-none-eabi/12.3.1/../../../../arm-none-eabi/lib/thumb/v7e-m/nofp\libg.a(libc_a-atexit.o)
 .debug_info    0x00006a1f       0xf7 D:/STM32Cube/STM32CubeCLT_1.16.0/GNU-tools-for-STM32/bin/../lib/gcc/arm-none-eabi/12.3.1/../../../../arm-none-eabi/lib/thumb/v7e-m/nofp\libg.a(libc_a-fini.o)
 .debug_info    0x00006b16      0x25f D:/STM32Cube/STM32CubeCLT_1.16.0/GNU-tools-for-STM32/bin/../lib/gcc/arm-none-eabi/12.3.1/../../../../arm-none-eabi/lib/thumb/v7e-m/nofp\libg.a(libc_a-__atexit.o)

.debug_abbrev   0x00000000     0x1ca4
 .debug_abbrev  0x00000000      0x164 CMakeFiles/IMU_SPI_.elf.dir/Core/Src/gpio.c.obj
 .debug_abbrev  0x00000164      0x1e8 CMakeFiles/IMU_SPI_.elf.dir/Core/Src/main.c.obj
 .debug_abbrev  0x0000034c      0x218 CMakeFiles/IMU_SPI_.elf.dir/Core/Src/spi.c.obj
 .debug_abbrev  0x00000564       0xd6 CMakeFiles/IMU_SPI_.elf.dir/Core/Src/stm32f4xx_hal_msp.c.obj
 .debug_abbrev  0x0000063a       0x7c CMakeFiles/IMU_SPI_.elf.dir/Core/Src/stm32f4xx_it.c.obj
 .debug_abbrev  0x000006b6      0x120 CMakeFiles/IMU_SPI_.elf.dir/Core/Src/system_stm32f4xx.c.obj
 .debug_abbrev  0x000007d6       0x24 CMakeFiles/IMU_SPI_.elf.dir/Core/Startup/startup_stm32f407ighx.s.obj
 .debug_abbrev  0x000007fa      0x240 CMakeFiles/IMU_SPI_.elf.dir/Drivers/STM32F4xx_HAL_Driver/Src/stm32f4xx_hal.c.obj
 .debug_abbrev  0x00000a3a      0x391 CMakeFiles/IMU_SPI_.elf.dir/Drivers/STM32F4xx_HAL_Driver/Src/stm32f4xx_hal_cortex.c.obj
 .debug_abbrev  0x00000dcb      0x202 CMakeFiles/IMU_SPI_.elf.dir/Drivers/STM32F4xx_HAL_Driver/Src/stm32f4xx_hal_gpio.c.obj
 .debug_abbrev  0x00000fcd      0x2c7 CMakeFiles/IMU_SPI_.elf.dir/Drivers/STM32F4xx_HAL_Driver/Src/stm32f4xx_hal_rcc.c.obj
 .debug_abbrev  0x00001294      0x272 CMakeFiles/IMU_SPI_.elf.dir/Drivers/STM32F4xx_HAL_Driver/Src/stm32f4xx_hal_spi.c.obj
 .debug_abbrev  0x00001506       0x9e D:/STM32Cube/STM32CubeCLT_1.16.0/GNU-tools-for-STM32/bin/../lib/gcc/arm-none-eabi/12.3.1/../../../../arm-none-eabi/lib/thumb/v7e-m/nofp\libg.a(libc_a-memset.o)
 .debug_abbrev  0x000015a4       0xc9 D:/STM32Cube/STM32CubeCLT_1.16.0/GNU-tools-for-STM32/bin/../lib/gcc/arm-none-eabi/12.3.1/../../../../arm-none-eabi/lib/thumb/v7e-m/nofp\libg.a(libc_a-init.o)
 .debug_abbrev  0x0000166d      0x115 D:/STM32Cube/STM32CubeCLT_1.16.0/GNU-tools-for-STM32/bin/../lib/gcc/arm-none-eabi/12.3.1/../../../../arm-none-eabi/lib/thumb/v7e-m/nofp\libg.a(libc_a-lock.o)
 .debug_abbrev  0x00001782      0x20c D:/STM32Cube/STM32CubeCLT_1.16.0/GNU-tools-for-STM32/bin/../lib/gcc/arm-none-eabi/12.3.1/../../../../arm-none-eabi/lib/thumb/v7e-m/nofp\libg.a(libc_a-__call_atexit.o)
 .debug_abbrev  0x0000198e       0xc1 D:/STM32Cube/STM32CubeCLT_1.16.0/GNU-tools-for-STM32/bin/../lib/gcc/arm-none-eabi/12.3.1/../../../../arm-none-eabi/lib/thumb/v7e-m/nofp\libg.a(libc_a-atexit.o)
 .debug_abbrev  0x00001a4f       0xcc D:/STM32Cube/STM32CubeCLT_1.16.0/GNU-tools-for-STM32/bin/../lib/gcc/arm-none-eabi/12.3.1/../../../../arm-none-eabi/lib/thumb/v7e-m/nofp\libg.a(libc_a-fini.o)
 .debug_abbrev  0x00001b1b      0x189 D:/STM32Cube/STM32CubeCLT_1.16.0/GNU-tools-for-STM32/bin/../lib/gcc/arm-none-eabi/12.3.1/../../../../arm-none-eabi/lib/thumb/v7e-m/nofp\libg.a(libc_a-__atexit.o)

.debug_aranges  0x00000000      0x718
 .debug_aranges
                0x00000000       0x20 CMakeFiles/IMU_SPI_.elf.dir/Core/Src/gpio.c.obj
 .debug_aranges
                0x00000020       0x30 CMakeFiles/IMU_SPI_.elf.dir/Core/Src/main.c.obj
 .debug_aranges
                0x00000050       0x30 CMakeFiles/IMU_SPI_.elf.dir/Core/Src/spi.c.obj
 .debug_aranges
                0x00000080       0x20 CMakeFiles/IMU_SPI_.elf.dir/Core/Src/stm32f4xx_hal_msp.c.obj
 .debug_aranges
                0x000000a0       0x60 CMakeFiles/IMU_SPI_.elf.dir/Core/Src/stm32f4xx_it.c.obj
 .debug_aranges
                0x00000100       0x28 CMakeFiles/IMU_SPI_.elf.dir/Core/Src/system_stm32f4xx.c.obj
 .debug_aranges
                0x00000128       0x28 CMakeFiles/IMU_SPI_.elf.dir/Core/Startup/startup_stm32f407ighx.s.obj
 .debug_aranges
                0x00000150       0xf0 CMakeFiles/IMU_SPI_.elf.dir/Drivers/STM32F4xx_HAL_Driver/Src/stm32f4xx_hal.c.obj
 .debug_aranges
                0x00000240       0xf8 CMakeFiles/IMU_SPI_.elf.dir/Drivers/STM32F4xx_HAL_Driver/Src/stm32f4xx_hal_cortex.c.obj
 .debug_aranges
                0x00000338       0x58 CMakeFiles/IMU_SPI_.elf.dir/Drivers/STM32F4xx_HAL_Driver/Src/stm32f4xx_hal_gpio.c.obj
 .debug_aranges
                0x00000390       0x88 CMakeFiles/IMU_SPI_.elf.dir/Drivers/STM32F4xx_HAL_Driver/Src/stm32f4xx_hal_rcc.c.obj
 .debug_aranges
                0x00000418      0x1d0 CMakeFiles/IMU_SPI_.elf.dir/Drivers/STM32F4xx_HAL_Driver/Src/stm32f4xx_hal_spi.c.obj
 .debug_aranges
                0x000005e8       0x20 D:/STM32Cube/STM32CubeCLT_1.16.0/GNU-tools-for-STM32/bin/../lib/gcc/arm-none-eabi/12.3.1/../../../../arm-none-eabi/lib/thumb/v7e-m/nofp\libg.a(libc_a-memset.o)
 .debug_aranges
                0x00000608       0x20 D:/STM32Cube/STM32CubeCLT_1.16.0/GNU-tools-for-STM32/bin/../lib/gcc/arm-none-eabi/12.3.1/../../../../arm-none-eabi/lib/thumb/v7e-m/nofp\libg.a(libc_a-init.o)
 .debug_aranges
                0x00000628       0x68 D:/STM32Cube/STM32CubeCLT_1.16.0/GNU-tools-for-STM32/bin/../lib/gcc/arm-none-eabi/12.3.1/../../../../arm-none-eabi/lib/thumb/v7e-m/nofp\libg.a(libc_a-lock.o)
 .debug_aranges
                0x00000690       0x28 D:/STM32Cube/STM32CubeCLT_1.16.0/GNU-tools-for-STM32/bin/../lib/gcc/arm-none-eabi/12.3.1/../../../../arm-none-eabi/lib/thumb/v7e-m/nofp\libg.a(libc_a-__call_atexit.o)
 .debug_aranges
                0x000006b8       0x20 D:/STM32Cube/STM32CubeCLT_1.16.0/GNU-tools-for-STM32/bin/../lib/gcc/arm-none-eabi/12.3.1/../../../../arm-none-eabi/lib/thumb/v7e-m/nofp\libg.a(libc_a-atexit.o)
 .debug_aranges
                0x000006d8       0x20 D:/STM32Cube/STM32CubeCLT_1.16.0/GNU-tools-for-STM32/bin/../lib/gcc/arm-none-eabi/12.3.1/../../../../arm-none-eabi/lib/thumb/v7e-m/nofp\libg.a(libc_a-fini.o)
 .debug_aranges
                0x000006f8       0x20 D:/STM32Cube/STM32CubeCLT_1.16.0/GNU-tools-for-STM32/bin/../lib/gcc/arm-none-eabi/12.3.1/../../../../arm-none-eabi/lib/thumb/v7e-m/nofp\libg.a(libc_a-__atexit.o)

.debug_rnglists
                0x00000000      0x532
 .debug_rnglists
                0x00000000       0x14 CMakeFiles/IMU_SPI_.elf.dir/Core/Src/gpio.c.obj
 .debug_rnglists
                0x00000014       0x20 CMakeFiles/IMU_SPI_.elf.dir/Core/Src/main.c.obj
 .debug_rnglists
                0x00000034       0x20 CMakeFiles/IMU_SPI_.elf.dir/Core/Src/spi.c.obj
 .debug_rnglists
                0x00000054       0x13 CMakeFiles/IMU_SPI_.elf.dir/Core/Src/stm32f4xx_hal_msp.c.obj
 .debug_rnglists
                0x00000067       0x43 CMakeFiles/IMU_SPI_.elf.dir/Core/Src/stm32f4xx_it.c.obj
 .debug_rnglists
                0x000000aa       0x1a CMakeFiles/IMU_SPI_.elf.dir/Core/Src/system_stm32f4xx.c.obj
 .debug_rnglists
                0x000000c4       0x19 CMakeFiles/IMU_SPI_.elf.dir/Core/Startup/startup_stm32f407ighx.s.obj
 .debug_rnglists
                0x000000dd       0xaf CMakeFiles/IMU_SPI_.elf.dir/Drivers/STM32F4xx_HAL_Driver/Src/stm32f4xx_hal.c.obj
 .debug_rnglists
                0x0000018c       0xb5 CMakeFiles/IMU_SPI_.elf.dir/Drivers/STM32F4xx_HAL_Driver/Src/stm32f4xx_hal_cortex.c.obj
 .debug_rnglists
                0x00000241       0x3f CMakeFiles/IMU_SPI_.elf.dir/Drivers/STM32F4xx_HAL_Driver/Src/stm32f4xx_hal_gpio.c.obj
 .debug_rnglists
                0x00000280       0x75 CMakeFiles/IMU_SPI_.elf.dir/Drivers/STM32F4xx_HAL_Driver/Src/stm32f4xx_hal_rcc.c.obj
 .debug_rnglists
                0x000002f5      0x16a CMakeFiles/IMU_SPI_.elf.dir/Drivers/STM32F4xx_HAL_Driver/Src/stm32f4xx_hal_spi.c.obj
 .debug_rnglists
                0x0000045f       0x13 D:/STM32Cube/STM32CubeCLT_1.16.0/GNU-tools-for-STM32/bin/../lib/gcc/arm-none-eabi/12.3.1/../../../../arm-none-eabi/lib/thumb/v7e-m/nofp\libg.a(libc_a-memset.o)
 .debug_rnglists
                0x00000472       0x13 D:/STM32Cube/STM32CubeCLT_1.16.0/GNU-tools-for-STM32/bin/../lib/gcc/arm-none-eabi/12.3.1/../../../../arm-none-eabi/lib/thumb/v7e-m/nofp\libg.a(libc_a-init.o)
 .debug_rnglists
                0x00000485       0x49 D:/STM32Cube/STM32CubeCLT_1.16.0/GNU-tools-for-STM32/bin/../lib/gcc/arm-none-eabi/12.3.1/../../../../arm-none-eabi/lib/thumb/v7e-m/nofp\libg.a(libc_a-lock.o)
 .debug_rnglists
                0x000004ce       0x2a D:/STM32Cube/STM32CubeCLT_1.16.0/GNU-tools-for-STM32/bin/../lib/gcc/arm-none-eabi/12.3.1/../../../../arm-none-eabi/lib/thumb/v7e-m/nofp\libg.a(libc_a-__call_atexit.o)
 .debug_rnglists
                0x000004f8       0x13 D:/STM32Cube/STM32CubeCLT_1.16.0/GNU-tools-for-STM32/bin/../lib/gcc/arm-none-eabi/12.3.1/../../../../arm-none-eabi/lib/thumb/v7e-m/nofp\libg.a(libc_a-atexit.o)
 .debug_rnglists
                0x0000050b       0x13 D:/STM32Cube/STM32CubeCLT_1.16.0/GNU-tools-for-STM32/bin/../lib/gcc/arm-none-eabi/12.3.1/../../../../arm-none-eabi/lib/thumb/v7e-m/nofp\libg.a(libc_a-fini.o)
 .debug_rnglists
                0x0000051e       0x14 D:/STM32Cube/STM32CubeCLT_1.16.0/GNU-tools-for-STM32/bin/../lib/gcc/arm-none-eabi/12.3.1/../../../../arm-none-eabi/lib/thumb/v7e-m/nofp\libg.a(libc_a-__atexit.o)

.debug_line     0x00000000     0x6768
 .debug_line    0x00000000      0x2a2 CMakeFiles/IMU_SPI_.elf.dir/Core/Src/gpio.c.obj
 .debug_line    0x000002a2      0x41b CMakeFiles/IMU_SPI_.elf.dir/Core/Src/main.c.obj
 .debug_line    0x000006bd      0x400 CMakeFiles/IMU_SPI_.elf.dir/Core/Src/spi.c.obj
 .debug_line    0x00000abd      0x203 CMakeFiles/IMU_SPI_.elf.dir/Core/Src/stm32f4xx_hal_msp.c.obj
 .debug_line    0x00000cc0      0x1bd CMakeFiles/IMU_SPI_.elf.dir/Core/Src/stm32f4xx_it.c.obj
 .debug_line    0x00000e7d      0x2cb CMakeFiles/IMU_SPI_.elf.dir/Core/Src/system_stm32f4xx.c.obj
 .debug_line    0x00001148       0x7a CMakeFiles/IMU_SPI_.elf.dir/Core/Startup/startup_stm32f407ighx.s.obj
 .debug_line    0x000011c2      0x657 CMakeFiles/IMU_SPI_.elf.dir/Drivers/STM32F4xx_HAL_Driver/Src/stm32f4xx_hal.c.obj
 .debug_line    0x00001819      0x944 CMakeFiles/IMU_SPI_.elf.dir/Drivers/STM32F4xx_HAL_Driver/Src/stm32f4xx_hal_cortex.c.obj
 .debug_line    0x0000215d      0x78c CMakeFiles/IMU_SPI_.elf.dir/Drivers/STM32F4xx_HAL_Driver/Src/stm32f4xx_hal_gpio.c.obj
 .debug_line    0x000028e9      0xc0a CMakeFiles/IMU_SPI_.elf.dir/Drivers/STM32F4xx_HAL_Driver/Src/stm32f4xx_hal_rcc.c.obj
 .debug_line    0x000034f3     0x2763 CMakeFiles/IMU_SPI_.elf.dir/Drivers/STM32F4xx_HAL_Driver/Src/stm32f4xx_hal_spi.c.obj
 .debug_line    0x00005c56      0x17e D:/STM32Cube/STM32CubeCLT_1.16.0/GNU-tools-for-STM32/bin/../lib/gcc/arm-none-eabi/12.3.1/../../../../arm-none-eabi/lib/thumb/v7e-m/nofp\libg.a(libc_a-memset.o)
 .debug_line    0x00005dd4      0x188 D:/STM32Cube/STM32CubeCLT_1.16.0/GNU-tools-for-STM32/bin/../lib/gcc/arm-none-eabi/12.3.1/../../../../arm-none-eabi/lib/thumb/v7e-m/nofp\libg.a(libc_a-init.o)
 .debug_line    0x00005f5c      0x19b D:/STM32Cube/STM32CubeCLT_1.16.0/GNU-tools-for-STM32/bin/../lib/gcc/arm-none-eabi/12.3.1/../../../../arm-none-eabi/lib/thumb/v7e-m/nofp\libg.a(libc_a-lock.o)
 .debug_line    0x000060f7      0x28a D:/STM32Cube/STM32CubeCLT_1.16.0/GNU-tools-for-STM32/bin/../lib/gcc/arm-none-eabi/12.3.1/../../../../arm-none-eabi/lib/thumb/v7e-m/nofp\libg.a(libc_a-__call_atexit.o)
 .debug_line    0x00006381      0x102 D:/STM32Cube/STM32CubeCLT_1.16.0/GNU-tools-for-STM32/bin/../lib/gcc/arm-none-eabi/12.3.1/../../../../arm-none-eabi/lib/thumb/v7e-m/nofp\libg.a(libc_a-atexit.o)
 .debug_line    0x00006483      0x140 D:/STM32Cube/STM32CubeCLT_1.16.0/GNU-tools-for-STM32/bin/../lib/gcc/arm-none-eabi/12.3.1/../../../../arm-none-eabi/lib/thumb/v7e-m/nofp\libg.a(libc_a-fini.o)
 .debug_line    0x000065c3      0x1a5 D:/STM32Cube/STM32CubeCLT_1.16.0/GNU-tools-for-STM32/bin/../lib/gcc/arm-none-eabi/12.3.1/../../../../arm-none-eabi/lib/thumb/v7e-m/nofp\libg.a(libc_a-__atexit.o)

.debug_str      0x00000000     0x28dc
 .debug_str     0x00000000      0x350 CMakeFiles/IMU_SPI_.elf.dir/Core/Src/gpio.c.obj
                                0x3a0 (size before relaxing)
 .debug_str     0x00000350      0x20f CMakeFiles/IMU_SPI_.elf.dir/Core/Src/main.c.obj
                                0x4c1 (size before relaxing)
 .debug_str     0x0000055f      0x457 CMakeFiles/IMU_SPI_.elf.dir/Core/Src/spi.c.obj
                                0x82d (size before relaxing)
 .debug_str     0x000009b6       0x4b CMakeFiles/IMU_SPI_.elf.dir/Core/Src/stm32f4xx_hal_msp.c.obj
                                0x2e1 (size before relaxing)
 .debug_str     0x00000a01       0xd6 CMakeFiles/IMU_SPI_.elf.dir/Core/Src/stm32f4xx_it.c.obj
                                0x255 (size before relaxing)
 .debug_str     0x00000ad7       0xa6 CMakeFiles/IMU_SPI_.elf.dir/Core/Src/system_stm32f4xx.c.obj
                                0x347 (size before relaxing)
 .debug_str     0x00000b7d       0x63 CMakeFiles/IMU_SPI_.elf.dir/Core/Startup/startup_stm32f407ighx.s.obj
                                 0x97 (size before relaxing)
 .debug_str     0x00000be0      0x871 CMakeFiles/IMU_SPI_.elf.dir/Drivers/STM32F4xx_HAL_Driver/Src/stm32f4xx_hal.c.obj
                                0xb8a (size before relaxing)
 .debug_str     0x00001451      0x505 CMakeFiles/IMU_SPI_.elf.dir/Drivers/STM32F4xx_HAL_Driver/Src/stm32f4xx_hal_cortex.c.obj
                                0xc9b (size before relaxing)
 .debug_str     0x00001956      0x139 CMakeFiles/IMU_SPI_.elf.dir/Drivers/STM32F4xx_HAL_Driver/Src/stm32f4xx_hal_gpio.c.obj
                                0x506 (size before relaxing)
 .debug_str     0x00001a8f      0x1c3 CMakeFiles/IMU_SPI_.elf.dir/Drivers/STM32F4xx_HAL_Driver/Src/stm32f4xx_hal_rcc.c.obj
                                0x72c (size before relaxing)
 .debug_str     0x00001c52      0x581 CMakeFiles/IMU_SPI_.elf.dir/Drivers/STM32F4xx_HAL_Driver/Src/stm32f4xx_hal_spi.c.obj
                                0xc1a (size before relaxing)
 .debug_str     0x000021d3      0x16a D:/STM32Cube/STM32CubeCLT_1.16.0/GNU-tools-for-STM32/bin/../lib/gcc/arm-none-eabi/12.3.1/../../../../arm-none-eabi/lib/thumb/v7e-m/nofp\libg.a(libc_a-memset.o)
                                0x206 (size before relaxing)
 .debug_str     0x0000233d       0xb6 D:/STM32Cube/STM32CubeCLT_1.16.0/GNU-tools-for-STM32/bin/../lib/gcc/arm-none-eabi/12.3.1/../../../../arm-none-eabi/lib/thumb/v7e-m/nofp\libg.a(libc_a-init.o)
                                0x267 (size before relaxing)
 .debug_str     0x000023f3      0x266 D:/STM32Cube/STM32CubeCLT_1.16.0/GNU-tools-for-STM32/bin/../lib/gcc/arm-none-eabi/12.3.1/../../../../arm-none-eabi/lib/thumb/v7e-m/nofp\libg.a(libc_a-lock.o)
                                0x379 (size before relaxing)
 .debug_str     0x00002659      0x100 D:/STM32Cube/STM32CubeCLT_1.16.0/GNU-tools-for-STM32/bin/../lib/gcc/arm-none-eabi/12.3.1/../../../../arm-none-eabi/lib/thumb/v7e-m/nofp\libg.a(libc_a-__call_atexit.o)
                                0x343 (size before relaxing)
 .debug_str     0x00002759       0x9e D:/STM32Cube/STM32CubeCLT_1.16.0/GNU-tools-for-STM32/bin/../lib/gcc/arm-none-eabi/12.3.1/../../../../arm-none-eabi/lib/thumb/v7e-m/nofp\libg.a(libc_a-atexit.o)
                                0x243 (size before relaxing)
 .debug_str     0x000027f7       0x7a D:/STM32Cube/STM32CubeCLT_1.16.0/GNU-tools-for-STM32/bin/../lib/gcc/arm-none-eabi/12.3.1/../../../../arm-none-eabi/lib/thumb/v7e-m/nofp\libg.a(libc_a-fini.o)
                                0x23d (size before relaxing)
 .debug_str     0x00002871       0x6b D:/STM32Cube/STM32CubeCLT_1.16.0/GNU-tools-for-STM32/bin/../lib/gcc/arm-none-eabi/12.3.1/../../../../arm-none-eabi/lib/thumb/v7e-m/nofp\libg.a(libc_a-__atexit.o)
                                0x31a (size before relaxing)

.comment        0x00000000       0x43
 .comment       0x00000000       0x43 CMakeFiles/IMU_SPI_.elf.dir/Core/Src/gpio.c.obj
                                 0x44 (size before relaxing)
 .comment       0x00000043       0x44 CMakeFiles/IMU_SPI_.elf.dir/Core/Src/main.c.obj
 .comment       0x00000043       0x44 CMakeFiles/IMU_SPI_.elf.dir/Core/Src/spi.c.obj
 .comment       0x00000043       0x44 CMakeFiles/IMU_SPI_.elf.dir/Core/Src/stm32f4xx_hal_msp.c.obj
 .comment       0x00000043       0x44 CMakeFiles/IMU_SPI_.elf.dir/Core/Src/stm32f4xx_it.c.obj
 .comment       0x00000043       0x44 CMakeFiles/IMU_SPI_.elf.dir/Core/Src/system_stm32f4xx.c.obj
 .comment       0x00000043       0x44 CMakeFiles/IMU_SPI_.elf.dir/Drivers/STM32F4xx_HAL_Driver/Src/stm32f4xx_hal.c.obj
 .comment       0x00000043       0x44 CMakeFiles/IMU_SPI_.elf.dir/Drivers/STM32F4xx_HAL_Driver/Src/stm32f4xx_hal_cortex.c.obj
 .comment       0x00000043       0x44 CMakeFiles/IMU_SPI_.elf.dir/Drivers/STM32F4xx_HAL_Driver/Src/stm32f4xx_hal_gpio.c.obj
 .comment       0x00000043       0x44 CMakeFiles/IMU_SPI_.elf.dir/Drivers/STM32F4xx_HAL_Driver/Src/stm32f4xx_hal_rcc.c.obj
 .comment       0x00000043       0x44 CMakeFiles/IMU_SPI_.elf.dir/Drivers/STM32F4xx_HAL_Driver/Src/stm32f4xx_hal_spi.c.obj
 .comment       0x00000043       0x44 D:/STM32Cube/STM32CubeCLT_1.16.0/GNU-tools-for-STM32/bin/../lib/gcc/arm-none-eabi/12.3.1/../../../../arm-none-eabi/lib/thumb/v7e-m/nofp\libg.a(libc_a-memset.o)
 .comment       0x00000043       0x44 D:/STM32Cube/STM32CubeCLT_1.16.0/GNU-tools-for-STM32/bin/../lib/gcc/arm-none-eabi/12.3.1/../../../../arm-none-eabi/lib/thumb/v7e-m/nofp\libg.a(libc_a-init.o)
 .comment       0x00000043       0x44 D:/STM32Cube/STM32CubeCLT_1.16.0/GNU-tools-for-STM32/bin/../lib/gcc/arm-none-eabi/12.3.1/../../../../arm-none-eabi/lib/thumb/v7e-m/nofp\libg.a(libc_a-lock.o)
 .comment       0x00000043       0x44 D:/STM32Cube/STM32CubeCLT_1.16.0/GNU-tools-for-STM32/bin/../lib/gcc/arm-none-eabi/12.3.1/../../../../arm-none-eabi/lib/thumb/v7e-m/nofp\libg.a(libc_a-__call_atexit.o)
 .comment       0x00000043       0x44 D:/STM32Cube/STM32CubeCLT_1.16.0/GNU-tools-for-STM32/bin/../lib/gcc/arm-none-eabi/12.3.1/../../../../arm-none-eabi/lib/thumb/v7e-m/nofp\libg.a(libc_a-atexit.o)
 .comment       0x00000043       0x44 D:/STM32Cube/STM32CubeCLT_1.16.0/GNU-tools-for-STM32/bin/../lib/gcc/arm-none-eabi/12.3.1/../../../../arm-none-eabi/lib/thumb/v7e-m/nofp\libg.a(libc_a-fini.o)
 .comment       0x00000043       0x44 D:/STM32Cube/STM32CubeCLT_1.16.0/GNU-tools-for-STM32/bin/../lib/gcc/arm-none-eabi/12.3.1/../../../../arm-none-eabi/lib/thumb/v7e-m/nofp\libg.a(libc_a-__atexit.o)

.debug_frame    0x00000000     0x103c
 .debug_frame   0x00000000       0x34 CMakeFiles/IMU_SPI_.elf.dir/Core/Src/gpio.c.obj
 .debug_frame   0x00000034       0x58 CMakeFiles/IMU_SPI_.elf.dir/Core/Src/main.c.obj
 .debug_frame   0x0000008c       0x68 CMakeFiles/IMU_SPI_.elf.dir/Core/Src/spi.c.obj
 .debug_frame   0x000000f4       0x28 CMakeFiles/IMU_SPI_.elf.dir/Core/Src/stm32f4xx_hal_msp.c.obj
 .debug_frame   0x0000011c       0xa8 CMakeFiles/IMU_SPI_.elf.dir/Core/Src/stm32f4xx_it.c.obj
 .debug_frame   0x000001c4       0x30 CMakeFiles/IMU_SPI_.elf.dir/Core/Src/system_stm32f4xx.c.obj
 .debug_frame   0x000001f4      0x1ec CMakeFiles/IMU_SPI_.elf.dir/Drivers/STM32F4xx_HAL_Driver/Src/stm32f4xx_hal.c.obj
 .debug_frame   0x000003e0      0x214 CMakeFiles/IMU_SPI_.elf.dir/Drivers/STM32F4xx_HAL_Driver/Src/stm32f4xx_hal_cortex.c.obj
 .debug_frame   0x000005f4       0xd4 CMakeFiles/IMU_SPI_.elf.dir/Drivers/STM32F4xx_HAL_Driver/Src/stm32f4xx_hal_gpio.c.obj
 .debug_frame   0x000006c8      0x16c CMakeFiles/IMU_SPI_.elf.dir/Drivers/STM32F4xx_HAL_Driver/Src/stm32f4xx_hal_rcc.c.obj
 .debug_frame   0x00000834      0x5c8 CMakeFiles/IMU_SPI_.elf.dir/Drivers/STM32F4xx_HAL_Driver/Src/stm32f4xx_hal_spi.c.obj
 .debug_frame   0x00000dfc       0x2c D:/STM32Cube/STM32CubeCLT_1.16.0/GNU-tools-for-STM32/bin/../lib/gcc/arm-none-eabi/12.3.1/thumb/v7e-m/nofp\libgcc.a(_aeabi_uldivmod.o)
 .debug_frame   0x00000e28       0x34 D:/STM32Cube/STM32CubeCLT_1.16.0/GNU-tools-for-STM32/bin/../lib/gcc/arm-none-eabi/12.3.1/thumb/v7e-m/nofp\libgcc.a(_udivmoddi4.o)
 .debug_frame   0x00000e5c       0x20 D:/STM32Cube/STM32CubeCLT_1.16.0/GNU-tools-for-STM32/bin/../lib/gcc/arm-none-eabi/12.3.1/../../../../arm-none-eabi/lib/thumb/v7e-m/nofp\libg.a(libc_a-memset.o)
 .debug_frame   0x00000e7c       0x2c D:/STM32Cube/STM32CubeCLT_1.16.0/GNU-tools-for-STM32/bin/../lib/gcc/arm-none-eabi/12.3.1/../../../../arm-none-eabi/lib/thumb/v7e-m/nofp\libg.a(libc_a-init.o)
 .debug_frame   0x00000ea8       0xb0 D:/STM32Cube/STM32CubeCLT_1.16.0/GNU-tools-for-STM32/bin/../lib/gcc/arm-none-eabi/12.3.1/../../../../arm-none-eabi/lib/thumb/v7e-m/nofp\libg.a(libc_a-lock.o)
 .debug_frame   0x00000f58       0x58 D:/STM32Cube/STM32CubeCLT_1.16.0/GNU-tools-for-STM32/bin/../lib/gcc/arm-none-eabi/12.3.1/../../../../arm-none-eabi/lib/thumb/v7e-m/nofp\libg.a(libc_a-__call_atexit.o)
 .debug_frame   0x00000fb0       0x20 D:/STM32Cube/STM32CubeCLT_1.16.0/GNU-tools-for-STM32/bin/../lib/gcc/arm-none-eabi/12.3.1/../../../../arm-none-eabi/lib/thumb/v7e-m/nofp\libg.a(libc_a-atexit.o)
 .debug_frame   0x00000fd0       0x38 D:/STM32Cube/STM32CubeCLT_1.16.0/GNU-tools-for-STM32/bin/../lib/gcc/arm-none-eabi/12.3.1/../../../../arm-none-eabi/lib/thumb/v7e-m/nofp\libg.a(libc_a-fini.o)
 .debug_frame   0x00001008       0x34 D:/STM32Cube/STM32CubeCLT_1.16.0/GNU-tools-for-STM32/bin/../lib/gcc/arm-none-eabi/12.3.1/../../../../arm-none-eabi/lib/thumb/v7e-m/nofp\libg.a(libc_a-__atexit.o)

.debug_loclists
                0x00000000     0x21e0
 .debug_loclists
                0x00000000       0x5d CMakeFiles/IMU_SPI_.elf.dir/Core/Src/spi.c.obj
 .debug_loclists
                0x0000005d       0xdb CMakeFiles/IMU_SPI_.elf.dir/Core/Src/system_stm32f4xx.c.obj
 .debug_loclists
                0x00000138       0xc9 CMakeFiles/IMU_SPI_.elf.dir/Drivers/STM32F4xx_HAL_Driver/Src/stm32f4xx_hal.c.obj
 .debug_loclists
                0x00000201      0x439 CMakeFiles/IMU_SPI_.elf.dir/Drivers/STM32F4xx_HAL_Driver/Src/stm32f4xx_hal_cortex.c.obj
 .debug_loclists
                0x0000063a      0x356 CMakeFiles/IMU_SPI_.elf.dir/Drivers/STM32F4xx_HAL_Driver/Src/stm32f4xx_hal_gpio.c.obj
 .debug_loclists
                0x00000990      0x3a9 CMakeFiles/IMU_SPI_.elf.dir/Drivers/STM32F4xx_HAL_Driver/Src/stm32f4xx_hal_rcc.c.obj
 .debug_loclists
                0x00000d39     0x1232 CMakeFiles/IMU_SPI_.elf.dir/Drivers/STM32F4xx_HAL_Driver/Src/stm32f4xx_hal_spi.c.obj
 .debug_loclists
                0x00001f6b       0x47 D:/STM32Cube/STM32CubeCLT_1.16.0/GNU-tools-for-STM32/bin/../lib/gcc/arm-none-eabi/12.3.1/../../../../arm-none-eabi/lib/thumb/v7e-m/nofp\libg.a(libc_a-memset.o)
 .debug_loclists
                0x00001fb2       0x44 D:/STM32Cube/STM32CubeCLT_1.16.0/GNU-tools-for-STM32/bin/../lib/gcc/arm-none-eabi/12.3.1/../../../../arm-none-eabi/lib/thumb/v7e-m/nofp\libg.a(libc_a-init.o)
 .debug_loclists
                0x00001ff6       0x23 D:/STM32Cube/STM32CubeCLT_1.16.0/GNU-tools-for-STM32/bin/../lib/gcc/arm-none-eabi/12.3.1/../../../../arm-none-eabi/lib/thumb/v7e-m/nofp\libg.a(libc_a-lock.o)
 .debug_loclists
                0x00002019       0xd4 D:/STM32Cube/STM32CubeCLT_1.16.0/GNU-tools-for-STM32/bin/../lib/gcc/arm-none-eabi/12.3.1/../../../../arm-none-eabi/lib/thumb/v7e-m/nofp\libg.a(libc_a-__call_atexit.o)
 .debug_loclists
                0x000020ed       0x2a D:/STM32Cube/STM32CubeCLT_1.16.0/GNU-tools-for-STM32/bin/../lib/gcc/arm-none-eabi/12.3.1/../../../../arm-none-eabi/lib/thumb/v7e-m/nofp\libg.a(libc_a-atexit.o)
 .debug_loclists
                0x00002117       0x3b D:/STM32Cube/STM32CubeCLT_1.16.0/GNU-tools-for-STM32/bin/../lib/gcc/arm-none-eabi/12.3.1/../../../../arm-none-eabi/lib/thumb/v7e-m/nofp\libg.a(libc_a-fini.o)
 .debug_loclists
                0x00002152       0x8e D:/STM32Cube/STM32CubeCLT_1.16.0/GNU-tools-for-STM32/bin/../lib/gcc/arm-none-eabi/12.3.1/../../../../arm-none-eabi/lib/thumb/v7e-m/nofp\libg.a(libc_a-__atexit.o)

.debug_line_str
                0x00000000       0x7b
 .debug_line_str
                0x00000000       0x7b CMakeFiles/IMU_SPI_.elf.dir/Core/Startup/startup_stm32f407ighx.s.obj
